
== v1_asis: train 36,437 × 56 cols, test 1,918
  Logistic Regression  Accuracy 0.8791 AUC 0.9239 Recall 0.9410 Prec. 0.9118 F1 0.9262  (1s)
  Random Forest        Accuracy 0.8935 AUC 0.9299 Recall 0.9583 Prec. 0.9137 F1 0.9355  (31s)
  XGBoost              Accuracy 0.9035 AUC 0.9447 Recall 0.9516 Prec. 0.9302 F1 0.9408  (12s)
  LightGBM             Accuracy 0.9041 AUC 0.9445 Recall 0.9514 Prec. 0.9310 F1 0.9411  (9s)

== v1_pref: train 36,437 × 59 cols, test 1,918
  Logistic Regression  Accuracy 0.8801 AUC 0.9251 Recall 0.9415 Prec. 0.9125 F1 0.9267  (1s)
  Random Forest        Accuracy 0.8943 AUC 0.9323 Recall 0.9600 Prec. 0.9133 F1 0.9361  (31s)
  XGBoost              Accuracy 0.9078 AUC 0.9502 Recall 0.9526 Prec. 0.9342 F1 0.9433  (10s)
  LightGBM             Accuracy 0.9072 AUC 0.9504 Recall 0.9511 Prec. 0.9348 F1 0.9429  (10s)

== v2_pref: train 36,437 × 59 cols, test 1,918
  Logistic Regression  Accuracy 0.8071 AUC 0.6927 Recall 0.9951 Prec. 0.8093 F1 0.8926  (1s)
  Random Forest        Accuracy 0.8018 AUC 0.6683 Recall 0.9819 Prec. 0.8117 F1 0.8887  (36s)
  XGBoost              Accuracy 0.8059 AUC 0.6884 Recall 0.9899 Prec. 0.8109 F1 0.8915  (8s)
  LightGBM             Accuracy 0.8054 AUC 0.6896 Recall 0.9904 Prec. 0.8103 F1 0.8913  (7s)

 variant               model  Accuracy    AUC  Recall  Prec.     F1  TT (Sec)
v1_asis Logistic Regression    0.8791 0.9239  0.9410 0.9118 0.9262    0.0995
v1_asis       Random Forest    0.8935 0.9299  0.9583 0.9137 0.9355    2.9339
v1_asis             XGBoost    0.9035 0.9447  0.9516 0.9302 0.9408    1.1416
v1_asis            LightGBM    0.9041 0.9445  0.9514 0.9310 0.9411    0.8162
v1_pref Logistic Regression    0.8801 0.9251  0.9415 0.9125 0.9267    0.1000
v1_pref       Random Forest    0.8943 0.9323  0.9600 0.9133 0.9361    2.9532
v1_pref             XGBoost    0.9078 0.9502  0.9526 0.9342 0.9433    0.9976
v1_pref            LightGBM    0.9072 0.9504  0.9511 0.9348 0.9429    0.8901
v2_pref Logistic Regression    0.8071 0.6927  0.9951 0.8093 0.8926    0.1130
v2_pref       Random Forest    0.8018 0.6683  0.9819 0.8117 0.8887    3.3610
v2_pref             XGBoost    0.8059 0.6884  0.9899 0.8109 0.8915    0.8009
v2_pref            LightGBM    0.8054 0.6896  0.9904 0.8103 0.8913    0.6229

hold-out (LightGBM):
 variant  Accuracy    AUC  Recall  Prec.     F1
v1_asis    0.8994 0.9402  0.9558 0.9216 0.9384
v1_pref    0.9020 0.9469  0.9558 0.9245 0.9399
v2_pref    0.7961 0.6849  0.9889 0.8025 0.8860
figures saved
